%!Adobe-FontList 1.16
%Locale:0x419

%BeginFont
Handler:DirectoryHandler
FontType:Type1
FontName:BenthamRegular
FamilyName:Bentham
StyleName:Regular
FullName:Bentham
MenuName:Bentham
StyleBits:0
WritingScript:Roman
OutlineFileName:D:\Users\Klaus Muller\Dropbox\IMMEDIATE BOND MEDIA\Labels\Verpackt\Document fonts\Bentham.otf
DataFormat:sfntData
UsesStandardEncoding:yes
isCFF:yes
FileLength:52128
FileModTime:1469514014
WeightClass:400
WidthClass:5
AngleClass:0
NameArray:0,Mac,4,Bentham
NameArray:0,Win,1,Bentham
%EndFont

%BeginFont
Handler:DirectoryHandler
FontType:TrueType
FontName:Cinzel-Black
FamilyName:Cinzel
StyleName:Black
FullName:Cinzel-Black
MenuName:Cinzel Black
StyleBits:2
WritingScript:Roman
OutlineFileName:D:\Users\Klaus Muller\Dropbox\IMMEDIATE BOND MEDIA\Labels\Verpackt\Document fonts\Cinzel-Black.ttf
DataFormat:sfntData
FileLength:58616
FileModTime:1451963302
WeightClass:900
WidthClass:5
AngleClass:0
NameArray:0,Mac,4,Cinzel-Black
NameArray:0,Win,1,Cinzel Black
NameArray:0,Win,16,Cinzel
%EndFont

%BeginFont
Handler:DirectoryHandler
FontType:TrueType
FontName:Cinzel-Bold
FamilyName:Cinzel
StyleName:Bold
FullName:Cinzel-Bold
MenuName:Cinzel
StyleBits:2
WritingScript:Roman
OutlineFileName:D:\Users\Klaus Muller\Dropbox\IMMEDIATE BOND MEDIA\Labels\Verpackt\Document fonts\Cinzel-Bold.ttf
DataFormat:sfntData
FileLength:57740
FileModTime:1451963302
WeightClass:700
WidthClass:5
AngleClass:0
NameArray:0,Mac,4,Cinzel-Bold
NameArray:0,Win,1,Cinzel
NameArray:0,Win,16,Cinzel
%EndFont

%BeginFont
Handler:DirectoryHandler
FontType:TrueType
FontName:Cinzel-Regular
FamilyName:Cinzel
StyleName:Regular
FullName:Cinzel-Regular
MenuName:Cinzel
StyleBits:0
WritingScript:Roman
OutlineFileName:D:\Users\Klaus Muller\Dropbox\IMMEDIATE BOND MEDIA\Labels\Verpackt\Document fonts\Cinzel-Regular.ttf
DataFormat:sfntData
FileLength:56228
FileModTime:1451963302
WeightClass:400
WidthClass:5
AngleClass:0
NameArray:0,Mac,18,Cinzel Regular
NameArray:0,Mac,4,Cinzel-Regular
NameArray:0,Win,1,Cinzel
%EndFont

%BeginFont
Handler:DirectoryHandler
FontType:Type1
FontName:MinionPro-Regular
FamilyName:Minion Pro
StyleName:Regular
FullName:Minion Pro
MenuName:Minion Pro
StyleBits:0
WritingScript:Roman
OutlineFileName:D:\Users\Klaus Muller\Dropbox\IMMEDIATE BOND MEDIA\Labels\Verpackt\Document fonts\MinionPro-Regular.otf
DataFormat:sfntData
UsesStandardEncoding:yes
isCFF:yes
FileLength:231312
FileModTime:1329905574
WeightClass:400
WidthClass:5
AngleClass:0
DesignSize:110
NameArray:0,Mac,4,Minion Pro
NameArray:0,Win,1,Minion Pro
%EndFont

%BeginFont
Handler:DirectoryHandler
FontType:TrueType
FontName:MrsEavesFractions
FamilyName:MrsEavesFractions
StyleName:Roman
FullName:MrsEavesFractions
MenuName:MrsEavesFractions
StyleBits:0
WritingScript:Roman
OutlineFileName:D:\Users\Klaus Muller\Dropbox\IMMEDIATE BOND MEDIA\Labels\Verpackt\Document fonts\MRSEAV~2.TTF
DataFormat:sfntData
FileLength:43592
FileModTime:930084660
WeightClass:400
WidthClass:5
AngleClass:0
NameArray:0,Mac,4,MrsEavesFractions
NameArray:0,Win,1,MrsEavesFractions
%EndFont

%BeginFont
Handler:DirectoryHandler
FontType:TrueType
FontName:Roboto-Black
FamilyName:Roboto
StyleName:Black
FullName:Roboto Black
MenuName:Roboto Black
StyleBits:0
WritingScript:Roman
OutlineFileName:D:\Users\Klaus Muller\Dropbox\IMMEDIATE BOND MEDIA\Labels\Verpackt\Document fonts\Roboto-Black.ttf
DataFormat:sfntData
FileLength:142472
FileModTime:1414556620
WeightClass:900
WidthClass:5
AngleClass:0
NameArray:0,Mac,18,Roboto Black
NameArray:0,Mac,4,Roboto Black
NameArray:0,Win,1,Roboto Black
NameArray:0,Win,16,Roboto
%EndFont

